2026-03-07T04:53:09.124+09:00  INFO 22976 --- [main] org.example.MooneyApplication            : Starting MooneyApplication using Java 17.0.5 with PID 22976 (C:\Users\alsrud\Desktop\Mooney\mooney\bin\main started by alsrud in C:\Users\alsrud\Desktop\Mooney)
2026-03-07T04:53:09.315+09:00  INFO 22976 --- [main] org.example.MooneyApplication            : No active profile set, falling back to 1 default profile: "default"
2026-03-07T04:53:14.242+09:00  INFO 22976 --- [main] .s.d.r.c.RepositoryConfigurationDelegate : Bootstrapping Spring Data JPA repositories in DEFAULT mode.
2026-03-07T04:53:14.593+09:00  INFO 22976 --- [main] .s.d.r.c.RepositoryConfigurationDelegate : Finished Spring Data repository scanning in 304 ms. Found 5 JPA repository interfaces.
2026-03-07T04:53:17.627+09:00  INFO 22976 --- [main] o.s.b.w.embedded.tomcat.TomcatWebServer  : Tomcat initialized with port 8080 (http)
2026-03-07T04:53:17.691+09:00  INFO 22976 --- [main] o.apache.catalina.core.StandardService   : Starting service [Tomcat]
2026-03-07T04:53:17.699+09:00  INFO 22976 --- [main] o.apache.catalina.core.StandardEngine    : Starting Servlet engine: [Apache Tomcat/10.1.30]
2026-03-07T04:53:18.160+09:00  INFO 22976 --- [main] o.a.c.c.C.[Tomcat].[localhost].[/]       : Initializing Spring embedded WebApplicationContext
2026-03-07T04:53:18.163+09:00  INFO 22976 --- [main] w.s.c.ServletWebServerApplicationContext : Root WebApplicationContext: initialization completed in 8635 ms
2026-03-07T04:53:19.415+09:00  INFO 22976 --- [main] o.hibernate.jpa.internal.util.LogHelper  : HHH000204: Processing PersistenceUnitInfo [name: default]
2026-03-07T04:53:19.659+09:00  INFO 22976 --- [main] org.hibernate.Version                    : HHH000412: Hibernate ORM core version 6.5.3.Final
2026-03-07T04:53:19.782+09:00  INFO 22976 --- [main] o.h.c.internal.RegionFactoryInitiator    : HHH000026: Second-level cache disabled
2026-03-07T04:53:20.736+09:00  INFO 22976 --- [main] o.s.o.j.p.SpringPersistenceUnitInfo      : No LoadTimeWeaver setup: ignoring JPA class transformer
2026-03-07T04:53:20.895+09:00  INFO 22976 --- [main] com.zaxxer.hikari.HikariDataSource       : HikariPool-1 - Starting...
2026-03-07T04:53:21.885+09:00  INFO 22976 --- [main] com.zaxxer.hikari.pool.HikariPool        : HikariPool-1 - Added connection com.mysql.cj.jdbc.ConnectionImpl@2c70a1de
2026-03-07T04:53:21.894+09:00  INFO 22976 --- [main] com.zaxxer.hikari.HikariDataSource       : HikariPool-1 - Start completed.
2026-03-07T04:53:24.570+09:00  INFO 22976 --- [main] o.h.e.t.j.p.i.JtaPlatformInitiator       : HHH000489: No JTA platform available (set 'hibernate.transaction.jta.platform' to enable JTA platform integration)
2026-03-07T04:53:24.821+09:00  INFO 22976 --- [main] j.LocalContainerEntityManagerFactoryBean : Initialized JPA EntityManagerFactory for persistence unit 'default'
2026-03-07T04:53:26.092+09:00  INFO 22976 --- [main] o.s.d.j.r.query.QueryEnhancerFactory     : Hibernate is in classpath; If applicable, HQL parser will be used.
2026-03-07T04:53:27.559+09:00  WARN 22976 --- [main] JpaBaseConfiguration$JpaWebConfiguration : spring.jpa.open-in-view is enabled by default. Therefore, database queries may be performed during view rendering. Explicitly configure spring.jpa.open-in-view to disable this warning
2026-03-07T04:53:29.949+09:00  INFO 22976 --- [main] o.s.b.a.e.web.EndpointLinksResolver      : Exposing 1 endpoint beneath base path '/actuator'
2026-03-07T04:53:30.171+09:00  INFO 22976 --- [RMI TCP Connection(2)-127.0.0.1] o.a.c.c.C.[Tomcat].[localhost].[/]       : Initializing Spring DispatcherServlet 'dispatcherServlet'
2026-03-07T04:53:30.172+09:00  INFO 22976 --- [RMI TCP Connection(2)-127.0.0.1] o.s.web.servlet.DispatcherServlet        : Initializing Servlet 'dispatcherServlet'
2026-03-07T04:53:30.178+09:00  INFO 22976 --- [RMI TCP Connection(2)-127.0.0.1] o.s.web.servlet.DispatcherServlet        : Completed initialization in 3 ms
2026-03-07T04:53:30.407+09:00  INFO 22976 --- [main] o.s.b.w.embedded.tomcat.TomcatWebServer  : Tomcat started on port 8080 (http) with context path '/'
2026-03-07T04:53:30.687+09:00  INFO 22976 --- [main] o.a.k.clients.consumer.ConsumerConfig    : ConsumerConfig values: 
	allow.auto.create.topics = true
	auto.commit.interval.ms = 5000
	auto.include.jmx.reporter = true
	auto.offset.reset = latest
	bootstrap.servers = [localhost:10000, localhost:10001, localhost:10002]
	check.crcs = true
	client.dns.lookup = use_all_dns_ips
	client.id = consumer-mooney-offer-group-1
	client.rack = 
	connections.max.idle.ms = 540000
	default.api.timeout.ms = 60000
	enable.auto.commit = false
	enable.metrics.push = true
	exclude.internal.topics = true
	fetch.max.bytes = 52428800
	fetch.max.wait.ms = 500
	fetch.min.bytes = 1
	group.id = mooney-offer-group
	group.instance.id = null
	group.protocol = classic
	group.remote.assignor = null
	heartbeat.interval.ms = 3000
	interceptor.classes = []
	internal.leave.group.on.close = true
	internal.throw.on.fetch.stable.offset.unsupported = false
	isolation.level = read_uncommitted
	key.deserializer = class org.apache.kafka.common.serialization.StringDeserializer
	max.partition.fetch.bytes = 1048576
	max.poll.interval.ms = 300000
	max.poll.records = 500
	metadata.max.age.ms = 300000
	metric.reporters = []
	metrics.num.samples = 2
	metrics.recording.level = INFO
	metrics.sample.window.ms = 30000
	partition.assignment.strategy = [class org.apache.kafka.clients.consumer.RangeAssignor, class org.apache.kafka.clients.consumer.CooperativeStickyAssignor]
	receive.buffer.bytes = 65536
	reconnect.backoff.max.ms = 1000
	reconnect.backoff.ms = 50
	request.timeout.ms = 30000
	retry.backoff.max.ms = 1000
	retry.backoff.ms = 100
	sasl.client.callback.handler.class = null
	sasl.jaas.config = null
	sasl.kerberos.kinit.cmd = /usr/bin/kinit
	sasl.kerberos.min.time.before.relogin = 60000
	sasl.kerberos.service.name = null
	sasl.kerberos.ticket.renew.jitter = 0.05
	sasl.kerberos.ticket.renew.window.factor = 0.8
	sasl.login.callback.handler.class = null
	sasl.login.class = null
	sasl.login.connect.timeout.ms = null
	sasl.login.read.timeout.ms = null
	sasl.login.refresh.buffer.seconds = 300
	sasl.login.refresh.min.period.seconds = 60
	sasl.login.refresh.window.factor = 0.8
	sasl.login.refresh.window.jitter = 0.05
	sasl.login.retry.backoff.max.ms = 10000
	sasl.login.retry.backoff.ms = 100
	sasl.mechanism = GSSAPI
	sasl.oauthbearer.clock.skew.seconds = 30
	sasl.oauthbearer.expected.audience = null
	sasl.oauthbearer.expected.issuer = null
	sasl.oauthbearer.jwks.endpoint.refresh.ms = 3600000
	sasl.oauthbearer.jwks.endpoint.retry.backoff.max.ms = 10000
	sasl.oauthbearer.jwks.endpoint.retry.backoff.ms = 100
	sasl.oauthbearer.jwks.endpoint.url = null
	sasl.oauthbearer.scope.claim.name = scope
	sasl.oauthbearer.sub.claim.name = sub
	sasl.oauthbearer.token.endpoint.url = null
	security.protocol = PLAINTEXT
	security.providers = null
	send.buffer.bytes = 131072
	session.timeout.ms = 45000
	socket.connection.setup.timeout.max.ms = 30000
	socket.connection.setup.timeout.ms = 10000
	ssl.cipher.suites = null
	ssl.enabled.protocols = [TLSv1.2, TLSv1.3]
	ssl.endpoint.identification.algorithm = https
	ssl.engine.factory.class = null
	ssl.key.password = null
	ssl.keymanager.algorithm = SunX509
	ssl.keystore.certificate.chain = null
	ssl.keystore.key = null
	ssl.keystore.location = null
	ssl.keystore.password = null
	ssl.keystore.type = JKS
	ssl.protocol = TLSv1.3
	ssl.provider = null
	ssl.secure.random.implementation = null
	ssl.trustmanager.algorithm = PKIX
	ssl.truststore.certificates = null
	ssl.truststore.location = null
	ssl.truststore.password = null
	ssl.truststore.type = JKS
	value.deserializer = class org.springframework.kafka.support.serializer.JsonDeserializer

2026-03-07T04:53:30.995+09:00  INFO 22976 --- [main] o.a.k.c.t.i.KafkaMetricsCollector        : initializing Kafka metrics collector
2026-03-07T04:53:31.276+09:00  INFO 22976 --- [main] o.a.kafka.common.utils.AppInfoParser     : Kafka version: 3.7.1
2026-03-07T04:53:31.277+09:00  INFO 22976 --- [main] o.a.kafka.common.utils.AppInfoParser     : Kafka commitId: e2494e6ffb89f828
2026-03-07T04:53:31.279+09:00  INFO 22976 --- [main] o.a.kafka.common.utils.AppInfoParser     : Kafka startTimeMs: 1772826811274
2026-03-07T04:53:31.326+09:00  INFO 22976 --- [main] o.a.k.c.c.internals.LegacyKafkaConsumer  : [Consumer clientId=consumer-mooney-offer-group-1, groupId=mooney-offer-group] Subscribed to topic(s): order-request
2026-03-07T04:53:31.370+09:00  INFO 22976 --- [main] org.example.MooneyApplication            : Started MooneyApplication in 24.648 seconds (process running for 26.958)
2026-03-07T04:53:32.770+09:00  INFO 22976 --- [org.springframework.kafka.KafkaListenerEndpointContainer#0-0-C-1] org.apache.kafka.clients.Metadata        : [Consumer clientId=consumer-mooney-offer-group-1, groupId=mooney-offer-group] Cluster ID: HsDBs9l6UUmQq7Y5E6bNlw
2026-03-07T04:53:32.774+09:00  INFO 22976 --- [org.springframework.kafka.KafkaListenerEndpointContainer#0-0-C-1] o.a.k.c.c.internals.ConsumerCoordinator  : [Consumer clientId=consumer-mooney-offer-group-1, groupId=mooney-offer-group] Discovered group coordinator 127.0.0.1:10001 (id: 2147483646 rack: null)
2026-03-07T04:53:32.787+09:00  INFO 22976 --- [org.springframework.kafka.KafkaListenerEndpointContainer#0-0-C-1] o.a.k.c.c.internals.ConsumerCoordinator  : [Consumer clientId=consumer-mooney-offer-group-1, groupId=mooney-offer-group] (Re-)joining group
2026-03-07T04:53:32.897+09:00  INFO 22976 --- [org.springframework.kafka.KafkaListenerEndpointContainer#0-0-C-1] o.a.k.c.c.internals.ConsumerCoordinator  : [Consumer clientId=consumer-mooney-offer-group-1, groupId=mooney-offer-group] Request joining group due to: need to re-join with the given member-id: consumer-mooney-offer-group-1-10fcccf1-805a-47b2-8a78-cc1f5f030dc1
2026-03-07T04:53:32.899+09:00  INFO 22976 --- [org.springframework.kafka.KafkaListenerEndpointContainer#0-0-C-1] o.a.k.c.c.internals.ConsumerCoordinator  : [Consumer clientId=consumer-mooney-offer-group-1, groupId=mooney-offer-group] (Re-)joining group
2026-03-07T04:53:35.953+09:00  INFO 22976 --- [org.springframework.kafka.KafkaListenerEndpointContainer#0-0-C-1] o.a.k.c.c.internals.ConsumerCoordinator  : [Consumer clientId=consumer-mooney-offer-group-1, groupId=mooney-offer-group] Successfully joined group with generation Generation{generationId=29, memberId='consumer-mooney-offer-group-1-10fcccf1-805a-47b2-8a78-cc1f5f030dc1', protocol='range'}
2026-03-07T04:53:35.964+09:00  INFO 22976 --- [org.springframework.kafka.KafkaListenerEndpointContainer#0-0-C-1] o.a.k.c.c.internals.ConsumerCoordinator  : [Consumer clientId=consumer-mooney-offer-group-1, groupId=mooney-offer-group] Finished assignment for group at generation 29: {consumer-mooney-offer-group-1-10fcccf1-805a-47b2-8a78-cc1f5f030dc1=Assignment(partitions=[order-request-0, order-request-1, order-request-2])}
2026-03-07T04:53:36.001+09:00  INFO 22976 --- [org.springframework.kafka.KafkaListenerEndpointContainer#0-0-C-1] o.a.k.c.c.internals.ConsumerCoordinator  : [Consumer clientId=consumer-mooney-offer-group-1, groupId=mooney-offer-group] Successfully synced group in generation Generation{generationId=29, memberId='consumer-mooney-offer-group-1-10fcccf1-805a-47b2-8a78-cc1f5f030dc1', protocol='range'}
2026-03-07T04:53:36.002+09:00  INFO 22976 --- [org.springframework.kafka.KafkaListenerEndpointContainer#0-0-C-1] o.a.k.c.c.internals.ConsumerCoordinator  : [Consumer clientId=consumer-mooney-offer-group-1, groupId=mooney-offer-group] Notifying assignor about the new Assignment(partitions=[order-request-0, order-request-1, order-request-2])
2026-03-07T04:53:36.009+09:00  INFO 22976 --- [org.springframework.kafka.KafkaListenerEndpointContainer#0-0-C-1] k.c.c.i.ConsumerRebalanceListenerInvoker : [Consumer clientId=consumer-mooney-offer-group-1, groupId=mooney-offer-group] Adding newly assigned partitions: order-request-0, order-request-1, order-request-2
2026-03-07T04:53:36.044+09:00  INFO 22976 --- [org.springframework.kafka.KafkaListenerEndpointContainer#0-0-C-1] o.a.k.c.c.internals.ConsumerUtils        : Setting offset for partition order-request-1 to the committed offset FetchPosition{offset=56086, offsetEpoch=Optional.empty, currentLeader=LeaderAndEpoch{leader=Optional[127.0.0.1:10001 (id: 1 rack: null)], epoch=30}}
2026-03-07T04:53:36.047+09:00  INFO 22976 --- [org.springframework.kafka.KafkaListenerEndpointContainer#0-0-C-1] o.a.k.c.c.internals.ConsumerUtils        : Setting offset for partition order-request-0 to the committed offset FetchPosition{offset=54204, offsetEpoch=Optional.empty, currentLeader=LeaderAndEpoch{leader=Optional[127.0.0.1:10000 (id: 0 rack: null)], epoch=30}}
2026-03-07T04:53:36.048+09:00  INFO 22976 --- [org.springframework.kafka.KafkaListenerEndpointContainer#0-0-C-1] o.a.k.c.c.internals.ConsumerUtils        : Setting offset for partition order-request-2 to the committed offset FetchPosition{offset=52773, offsetEpoch=Optional.empty, currentLeader=LeaderAndEpoch{leader=Optional[127.0.0.1:10002 (id: 2 rack: null)], epoch=28}}
2026-03-07T04:53:36.049+09:00  INFO 22976 --- [org.springframework.kafka.KafkaListenerEndpointContainer#0-0-C-1] o.s.k.l.KafkaMessageListenerContainer    : mooney-offer-group: partitions assigned: [order-request-0, order-request-1, order-request-2]
2026-03-07T04:53:51.123+09:00  INFO 22976 --- [http-nio-8080-exec-10] o.a.k.clients.producer.ProducerConfig    : ProducerConfig values: 
	acks = -1
	auto.include.jmx.reporter = true
	batch.size = 16384
	bootstrap.servers = [localhost:10000, localhost:10001, localhost:10002]
	buffer.memory = 33554432
	client.dns.lookup = use_all_dns_ips
	client.id = producer-1
	compression.type = none
	connections.max.idle.ms = 540000
	delivery.timeout.ms = 120000
	enable.idempotence = true
	enable.metrics.push = true
	interceptor.classes = []
	key.serializer = class org.apache.kafka.common.serialization.StringSerializer
	linger.ms = 0
	max.block.ms = 60000
	max.in.flight.requests.per.connection = 5
	max.request.size = 1048576
	metadata.max.age.ms = 300000
	metadata.max.idle.ms = 300000
	metric.reporters = []
	metrics.num.samples = 2
	metrics.recording.level = INFO
	metrics.sample.window.ms = 30000
	partitioner.adaptive.partitioning.enable = true
	partitioner.availability.timeout.ms = 0
	partitioner.class = null
	partitioner.ignore.keys = false
	receive.buffer.bytes = 32768
	reconnect.backoff.max.ms = 1000
	reconnect.backoff.ms = 50
	request.timeout.ms = 30000
	retries = 2147483647
	retry.backoff.max.ms = 1000
	retry.backoff.ms = 100
	sasl.client.callback.handler.class = null
	sasl.jaas.config = null
	sasl.kerberos.kinit.cmd = /usr/bin/kinit
	sasl.kerberos.min.time.before.relogin = 60000
	sasl.kerberos.service.name = null
	sasl.kerberos.ticket.renew.jitter = 0.05
	sasl.kerberos.ticket.renew.window.factor = 0.8
	sasl.login.callback.handler.class = null
	sasl.login.class = null
	sasl.login.connect.timeout.ms = null
	sasl.login.read.timeout.ms = null
	sasl.login.refresh.buffer.seconds = 300
	sasl.login.refresh.min.period.seconds = 60
	sasl.login.refresh.window.factor = 0.8
	sasl.login.refresh.window.jitter = 0.05
	sasl.login.retry.backoff.max.ms = 10000
	sasl.login.retry.backoff.ms = 100
	sasl.mechanism = GSSAPI
	sasl.oauthbearer.clock.skew.seconds = 30
	sasl.oauthbearer.expected.audience = null
	sasl.oauthbearer.expected.issuer = null
	sasl.oauthbearer.jwks.endpoint.refresh.ms = 3600000
	sasl.oauthbearer.jwks.endpoint.retry.backoff.max.ms = 10000
	sasl.oauthbearer.jwks.endpoint.retry.backoff.ms = 100
	sasl.oauthbearer.jwks.endpoint.url = null
	sasl.oauthbearer.scope.claim.name = scope
	sasl.oauthbearer.sub.claim.name = sub
	sasl.oauthbearer.token.endpoint.url = null
	security.protocol = PLAINTEXT
	security.providers = null
	send.buffer.bytes = 131072
	socket.connection.setup.timeout.max.ms = 30000
	socket.connection.setup.timeout.ms = 10000
	ssl.cipher.suites = null
	ssl.enabled.protocols = [TLSv1.2, TLSv1.3]
	ssl.endpoint.identification.algorithm = https
	ssl.engine.factory.class = null
	ssl.key.password = null
	ssl.keymanager.algorithm = SunX509
	ssl.keystore.certificate.chain = null
	ssl.keystore.key = null
	ssl.keystore.location = null
	ssl.keystore.password = null
	ssl.keystore.type = JKS
	ssl.protocol = TLSv1.3
	ssl.provider = null
	ssl.secure.random.implementation = null
	ssl.trustmanager.algorithm = PKIX
	ssl.truststore.certificates = null
	ssl.truststore.location = null
	ssl.truststore.password = null
	ssl.truststore.type = JKS
	transaction.timeout.ms = 60000
	transactional.id = null
	value.serializer = class org.springframework.kafka.support.serializer.JsonSerializer

2026-03-07T04:53:51.127+09:00  INFO 22976 --- [http-nio-8080-exec-10] o.a.k.c.t.i.KafkaMetricsCollector        : initializing Kafka metrics collector
2026-03-07T04:53:51.160+09:00  INFO 22976 --- [http-nio-8080-exec-10] o.a.k.clients.producer.KafkaProducer     : [Producer clientId=producer-1] Instantiated an idempotent producer.
2026-03-07T04:53:51.215+09:00  INFO 22976 --- [http-nio-8080-exec-10] o.a.kafka.common.utils.AppInfoParser     : Kafka version: 3.7.1
2026-03-07T04:53:51.216+09:00  INFO 22976 --- [http-nio-8080-exec-10] o.a.kafka.common.utils.AppInfoParser     : Kafka commitId: e2494e6ffb89f828
2026-03-07T04:53:51.218+09:00  INFO 22976 --- [http-nio-8080-exec-10] o.a.kafka.common.utils.AppInfoParser     : Kafka startTimeMs: 1772826831215
2026-03-07T04:53:51.308+09:00  INFO 22976 --- [kafka-producer-network-thread | producer-1] org.apache.kafka.clients.Metadata        : [Producer clientId=producer-1] Cluster ID: HsDBs9l6UUmQq7Y5E6bNlw
2026-03-07T04:53:51.429+09:00  INFO 22976 --- [kafka-producer-network-thread | producer-1] o.a.k.c.p.internals.TransactionManager   : [Producer clientId=producer-1] ProducerId set to 7001 with epoch 0
2026-03-07T04:54:33.079+09:00  INFO 22976 --- [org.springframework.kafka.KafkaListenerEndpointContainer#0-0-C-1] org.example.ConsumerMetrics              : ? Consumer Stats - count: 1000, avg: 25 ms, max: 301 ms, min: 10 ms
