2026-03-07T04:57:59.391+09:00  INFO 9128 --- [main] org.example.MooneyApplication            : Starting MooneyApplication using Java 17.0.5 with PID 9128 (C:\Users\alsrud\Desktop\Mooney\mooney\bin\main started by alsrud in C:\Users\alsrud\Desktop\Mooney)
2026-03-07T04:57:59.561+09:00  INFO 9128 --- [main] org.example.MooneyApplication            : No active profile set, falling back to 1 default profile: "default"
2026-03-07T04:58:08.253+09:00  INFO 9128 --- [main] .s.d.r.c.RepositoryConfigurationDelegate : Bootstrapping Spring Data JPA repositories in DEFAULT mode.
2026-03-07T04:58:09.533+09:00  INFO 9128 --- [main] .s.d.r.c.RepositoryConfigurationDelegate : Finished Spring Data repository scanning in 1192 ms. Found 5 JPA repository interfaces.
2026-03-07T04:58:13.564+09:00  INFO 9128 --- [main] o.s.b.w.embedded.tomcat.TomcatWebServer  : Tomcat initialized with port 8080 (http)
2026-03-07T04:58:13.625+09:00  INFO 9128 --- [main] o.apache.catalina.core.StandardService   : Starting service [Tomcat]
2026-03-07T04:58:13.627+09:00  INFO 9128 --- [main] o.apache.catalina.core.StandardEngine    : Starting Servlet engine: [Apache Tomcat/10.1.30]
2026-03-07T04:58:13.872+09:00  INFO 9128 --- [main] o.a.c.c.C.[Tomcat].[localhost].[/]       : Initializing Spring embedded WebApplicationContext
2026-03-07T04:58:13.874+09:00  INFO 9128 --- [main] w.s.c.ServletWebServerApplicationContext : Root WebApplicationContext: initialization completed in 14137 ms
2026-03-07T04:58:15.189+09:00  INFO 9128 --- [main] o.hibernate.jpa.internal.util.LogHelper  : HHH000204: Processing PersistenceUnitInfo [name: default]
2026-03-07T04:58:15.467+09:00  INFO 9128 --- [main] org.hibernate.Version                    : HHH000412: Hibernate ORM core version 6.5.3.Final
2026-03-07T04:58:15.626+09:00  INFO 9128 --- [main] o.h.c.internal.RegionFactoryInitiator    : HHH000026: Second-level cache disabled
2026-03-07T04:58:16.758+09:00  INFO 9128 --- [main] o.s.o.j.p.SpringPersistenceUnitInfo      : No LoadTimeWeaver setup: ignoring JPA class transformer
2026-03-07T04:58:16.888+09:00  INFO 9128 --- [main] com.zaxxer.hikari.HikariDataSource       : HikariPool-1 - Starting...
2026-03-07T04:58:17.770+09:00  INFO 9128 --- [main] com.zaxxer.hikari.pool.HikariPool        : HikariPool-1 - Added connection com.mysql.cj.jdbc.ConnectionImpl@1dadd172
2026-03-07T04:58:17.780+09:00  INFO 9128 --- [main] com.zaxxer.hikari.HikariDataSource       : HikariPool-1 - Start completed.
2026-03-07T04:58:20.127+09:00  INFO 9128 --- [main] o.h.e.t.j.p.i.JtaPlatformInitiator       : HHH000489: No JTA platform available (set 'hibernate.transaction.jta.platform' to enable JTA platform integration)
2026-03-07T04:58:20.407+09:00  INFO 9128 --- [main] j.LocalContainerEntityManagerFactoryBean : Initialized JPA EntityManagerFactory for persistence unit 'default'
2026-03-07T04:58:21.875+09:00  INFO 9128 --- [main] o.s.d.j.r.query.QueryEnhancerFactory     : Hibernate is in classpath; If applicable, HQL parser will be used.
2026-03-07T04:58:23.450+09:00  WARN 9128 --- [main] JpaBaseConfiguration$JpaWebConfiguration : spring.jpa.open-in-view is enabled by default. Therefore, database queries may be performed during view rendering. Explicitly configure spring.jpa.open-in-view to disable this warning
2026-03-07T04:58:26.031+09:00  INFO 9128 --- [main] o.s.b.a.e.web.EndpointLinksResolver      : Exposing 1 endpoint beneath base path '/actuator'
2026-03-07T04:58:26.417+09:00  INFO 9128 --- [main] o.s.b.w.embedded.tomcat.TomcatWebServer  : Tomcat started on port 8080 (http) with context path '/'
2026-03-07T04:58:26.572+09:00  INFO 9128 --- [main] o.a.k.clients.consumer.ConsumerConfig    : ConsumerConfig values: 
	allow.auto.create.topics = true
	auto.commit.interval.ms = 5000
	auto.include.jmx.reporter = true
	auto.offset.reset = latest
	bootstrap.servers = [localhost:10000, localhost:10001, localhost:10002]
	check.crcs = true
	client.dns.lookup = use_all_dns_ips
	client.id = consumer-mooney-offer-group-1
	client.rack = 
	connections.max.idle.ms = 540000
	default.api.timeout.ms = 60000
	enable.auto.commit = false
	enable.metrics.push = true
	exclude.internal.topics = true
	fetch.max.bytes = 52428800
	fetch.max.wait.ms = 500
	fetch.min.bytes = 1
	group.id = mooney-offer-group
	group.instance.id = null
	group.protocol = classic
	group.remote.assignor = null
	heartbeat.interval.ms = 3000
	interceptor.classes = []
	internal.leave.group.on.close = true
	internal.throw.on.fetch.stable.offset.unsupported = false
	isolation.level = read_uncommitted
	key.deserializer = class org.apache.kafka.common.serialization.StringDeserializer
	max.partition.fetch.bytes = 1048576
	max.poll.interval.ms = 300000
	max.poll.records = 500
	metadata.max.age.ms = 300000
	metric.reporters = []
	metrics.num.samples = 2
	metrics.recording.level = INFO
	metrics.sample.window.ms = 30000
	partition.assignment.strategy = [class org.apache.kafka.clients.consumer.RangeAssignor, class org.apache.kafka.clients.consumer.CooperativeStickyAssignor]
	receive.buffer.bytes = 65536
	reconnect.backoff.max.ms = 1000
	reconnect.backoff.ms = 50
	request.timeout.ms = 30000
	retry.backoff.max.ms = 1000
	retry.backoff.ms = 100
	sasl.client.callback.handler.class = null
	sasl.jaas.config = null
	sasl.kerberos.kinit.cmd = /usr/bin/kinit
	sasl.kerberos.min.time.before.relogin = 60000
	sasl.kerberos.service.name = null
	sasl.kerberos.ticket.renew.jitter = 0.05
	sasl.kerberos.ticket.renew.window.factor = 0.8
	sasl.login.callback.handler.class = null
	sasl.login.class = null
	sasl.login.connect.timeout.ms = null
	sasl.login.read.timeout.ms = null
	sasl.login.refresh.buffer.seconds = 300
	sasl.login.refresh.min.period.seconds = 60
	sasl.login.refresh.window.factor = 0.8
	sasl.login.refresh.window.jitter = 0.05
	sasl.login.retry.backoff.max.ms = 10000
	sasl.login.retry.backoff.ms = 100
	sasl.mechanism = GSSAPI
	sasl.oauthbearer.clock.skew.seconds = 30
	sasl.oauthbearer.expected.audience = null
	sasl.oauthbearer.expected.issuer = null
	sasl.oauthbearer.jwks.endpoint.refresh.ms = 3600000
	sasl.oauthbearer.jwks.endpoint.retry.backoff.max.ms = 10000
	sasl.oauthbearer.jwks.endpoint.retry.backoff.ms = 100
	sasl.oauthbearer.jwks.endpoint.url = null
	sasl.oauthbearer.scope.claim.name = scope
	sasl.oauthbearer.sub.claim.name = sub
	sasl.oauthbearer.token.endpoint.url = null
	security.protocol = PLAINTEXT
	security.providers = null
	send.buffer.bytes = 131072
	session.timeout.ms = 45000
	socket.connection.setup.timeout.max.ms = 30000
	socket.connection.setup.timeout.ms = 10000
	ssl.cipher.suites = null
	ssl.enabled.protocols = [TLSv1.2, TLSv1.3]
	ssl.endpoint.identification.algorithm = https
	ssl.engine.factory.class = null
	ssl.key.password = null
	ssl.keymanager.algorithm = SunX509
	ssl.keystore.certificate.chain = null
	ssl.keystore.key = null
	ssl.keystore.location = null
	ssl.keystore.password = null
	ssl.keystore.type = JKS
	ssl.protocol = TLSv1.3
	ssl.provider = null
	ssl.secure.random.implementation = null
	ssl.trustmanager.algorithm = PKIX
	ssl.truststore.certificates = null
	ssl.truststore.location = null
	ssl.truststore.password = null
	ssl.truststore.type = JKS
	value.deserializer = class org.springframework.kafka.support.serializer.JsonDeserializer

2026-03-07T04:58:26.786+09:00  INFO 9128 --- [main] o.a.k.c.t.i.KafkaMetricsCollector        : initializing Kafka metrics collector
2026-03-07T04:58:27.065+09:00  INFO 9128 --- [main] o.a.kafka.common.utils.AppInfoParser     : Kafka version: 3.7.1
2026-03-07T04:58:27.067+09:00  INFO 9128 --- [main] o.a.kafka.common.utils.AppInfoParser     : Kafka commitId: e2494e6ffb89f828
2026-03-07T04:58:27.069+09:00  INFO 9128 --- [main] o.a.kafka.common.utils.AppInfoParser     : Kafka startTimeMs: 1772827107061
2026-03-07T04:58:27.107+09:00  INFO 9128 --- [main] o.a.k.c.c.internals.LegacyKafkaConsumer  : [Consumer clientId=consumer-mooney-offer-group-1, groupId=mooney-offer-group] Subscribed to topic(s): order-request
2026-03-07T04:58:27.146+09:00  INFO 9128 --- [main] o.a.k.clients.consumer.ConsumerConfig    : ConsumerConfig values: 
	allow.auto.create.topics = true
	auto.commit.interval.ms = 5000
	auto.include.jmx.reporter = true
	auto.offset.reset = latest
	bootstrap.servers = [localhost:10000, localhost:10001, localhost:10002]
	check.crcs = true
	client.dns.lookup = use_all_dns_ips
	client.id = consumer-mooney-offer-group-2
	client.rack = 
	connections.max.idle.ms = 540000
	default.api.timeout.ms = 60000
	enable.auto.commit = false
	enable.metrics.push = true
	exclude.internal.topics = true
	fetch.max.bytes = 52428800
	fetch.max.wait.ms = 500
	fetch.min.bytes = 1
	group.id = mooney-offer-group
	group.instance.id = null
	group.protocol = classic
	group.remote.assignor = null
	heartbeat.interval.ms = 3000
	interceptor.classes = []
	internal.leave.group.on.close = true
	internal.throw.on.fetch.stable.offset.unsupported = false
	isolation.level = read_uncommitted
	key.deserializer = class org.apache.kafka.common.serialization.StringDeserializer
	max.partition.fetch.bytes = 1048576
	max.poll.interval.ms = 300000
	max.poll.records = 500
	metadata.max.age.ms = 300000
	metric.reporters = []
	metrics.num.samples = 2
	metrics.recording.level = INFO
	metrics.sample.window.ms = 30000
	partition.assignment.strategy = [class org.apache.kafka.clients.consumer.RangeAssignor, class org.apache.kafka.clients.consumer.CooperativeStickyAssignor]
	receive.buffer.bytes = 65536
	reconnect.backoff.max.ms = 1000
	reconnect.backoff.ms = 50
	request.timeout.ms = 30000
	retry.backoff.max.ms = 1000
	retry.backoff.ms = 100
	sasl.client.callback.handler.class = null
	sasl.jaas.config = null
	sasl.kerberos.kinit.cmd = /usr/bin/kinit
	sasl.kerberos.min.time.before.relogin = 60000
	sasl.kerberos.service.name = null
	sasl.kerberos.ticket.renew.jitter = 0.05
	sasl.kerberos.ticket.renew.window.factor = 0.8
	sasl.login.callback.handler.class = null
	sasl.login.class = null
	sasl.login.connect.timeout.ms = null
	sasl.login.read.timeout.ms = null
	sasl.login.refresh.buffer.seconds = 300
	sasl.login.refresh.min.period.seconds = 60
	sasl.login.refresh.window.factor = 0.8
	sasl.login.refresh.window.jitter = 0.05
	sasl.login.retry.backoff.max.ms = 10000
	sasl.login.retry.backoff.ms = 100
	sasl.mechanism = GSSAPI
	sasl.oauthbearer.clock.skew.seconds = 30
	sasl.oauthbearer.expected.audience = null
	sasl.oauthbearer.expected.issuer = null
	sasl.oauthbearer.jwks.endpoint.refresh.ms = 3600000
	sasl.oauthbearer.jwks.endpoint.retry.backoff.max.ms = 10000
	sasl.oauthbearer.jwks.endpoint.retry.backoff.ms = 100
	sasl.oauthbearer.jwks.endpoint.url = null
	sasl.oauthbearer.scope.claim.name = scope
	sasl.oauthbearer.sub.claim.name = sub
	sasl.oauthbearer.token.endpoint.url = null
	security.protocol = PLAINTEXT
	security.providers = null
	send.buffer.bytes = 131072
	session.timeout.ms = 45000
	socket.connection.setup.timeout.max.ms = 30000
	socket.connection.setup.timeout.ms = 10000
	ssl.cipher.suites = null
	ssl.enabled.protocols = [TLSv1.2, TLSv1.3]
	ssl.endpoint.identification.algorithm = https
	ssl.engine.factory.class = null
	ssl.key.password = null
	ssl.keymanager.algorithm = SunX509
	ssl.keystore.certificate.chain = null
	ssl.keystore.key = null
	ssl.keystore.location = null
	ssl.keystore.password = null
	ssl.keystore.type = JKS
	ssl.protocol = TLSv1.3
	ssl.provider = null
	ssl.secure.random.implementation = null
	ssl.trustmanager.algorithm = PKIX
	ssl.truststore.certificates = null
	ssl.truststore.location = null
	ssl.truststore.password = null
	ssl.truststore.type = JKS
	value.deserializer = class org.springframework.kafka.support.serializer.JsonDeserializer

2026-03-07T04:58:27.152+09:00  INFO 9128 --- [main] o.a.k.c.t.i.KafkaMetricsCollector        : initializing Kafka metrics collector
2026-03-07T04:58:27.203+09:00  INFO 9128 --- [main] o.a.kafka.common.utils.AppInfoParser     : Kafka version: 3.7.1
2026-03-07T04:58:27.204+09:00  INFO 9128 --- [main] o.a.kafka.common.utils.AppInfoParser     : Kafka commitId: e2494e6ffb89f828
2026-03-07T04:58:27.206+09:00  INFO 9128 --- [main] o.a.kafka.common.utils.AppInfoParser     : Kafka startTimeMs: 1772827107203
2026-03-07T04:58:27.305+09:00  INFO 9128 --- [main] o.a.k.c.c.internals.LegacyKafkaConsumer  : [Consumer clientId=consumer-mooney-offer-group-2, groupId=mooney-offer-group] Subscribed to topic(s): order-request
2026-03-07T04:58:27.309+09:00  INFO 9128 --- [main] o.a.k.clients.consumer.ConsumerConfig    : ConsumerConfig values: 
	allow.auto.create.topics = true
	auto.commit.interval.ms = 5000
	auto.include.jmx.reporter = true
	auto.offset.reset = latest
	bootstrap.servers = [localhost:10000, localhost:10001, localhost:10002]
	check.crcs = true
	client.dns.lookup = use_all_dns_ips
	client.id = consumer-mooney-offer-group-3
	client.rack = 
	connections.max.idle.ms = 540000
	default.api.timeout.ms = 60000
	enable.auto.commit = false
	enable.metrics.push = true
	exclude.internal.topics = true
	fetch.max.bytes = 52428800
	fetch.max.wait.ms = 500
	fetch.min.bytes = 1
	group.id = mooney-offer-group
	group.instance.id = null
	group.protocol = classic
	group.remote.assignor = null
	heartbeat.interval.ms = 3000
	interceptor.classes = []
	internal.leave.group.on.close = true
	internal.throw.on.fetch.stable.offset.unsupported = false
	isolation.level = read_uncommitted
	key.deserializer = class org.apache.kafka.common.serialization.StringDeserializer
	max.partition.fetch.bytes = 1048576
	max.poll.interval.ms = 300000
	max.poll.records = 500
	metadata.max.age.ms = 300000
	metric.reporters = []
	metrics.num.samples = 2
	metrics.recording.level = INFO
	metrics.sample.window.ms = 30000
	partition.assignment.strategy = [class org.apache.kafka.clients.consumer.RangeAssignor, class org.apache.kafka.clients.consumer.CooperativeStickyAssignor]
	receive.buffer.bytes = 65536
	reconnect.backoff.max.ms = 1000
	reconnect.backoff.ms = 50
	request.timeout.ms = 30000
	retry.backoff.max.ms = 1000
	retry.backoff.ms = 100
	sasl.client.callback.handler.class = null
	sasl.jaas.config = null
	sasl.kerberos.kinit.cmd = /usr/bin/kinit
	sasl.kerberos.min.time.before.relogin = 60000
	sasl.kerberos.service.name = null
	sasl.kerberos.ticket.renew.jitter = 0.05
	sasl.kerberos.ticket.renew.window.factor = 0.8
	sasl.login.callback.handler.class = null
	sasl.login.class = null
	sasl.login.connect.timeout.ms = null
	sasl.login.read.timeout.ms = null
	sasl.login.refresh.buffer.seconds = 300
	sasl.login.refresh.min.period.seconds = 60
	sasl.login.refresh.window.factor = 0.8
	sasl.login.refresh.window.jitter = 0.05
	sasl.login.retry.backoff.max.ms = 10000
	sasl.login.retry.backoff.ms = 100
	sasl.mechanism = GSSAPI
	sasl.oauthbearer.clock.skew.seconds = 30
	sasl.oauthbearer.expected.audience = null
	sasl.oauthbearer.expected.issuer = null
	sasl.oauthbearer.jwks.endpoint.refresh.ms = 3600000
	sasl.oauthbearer.jwks.endpoint.retry.backoff.max.ms = 10000
	sasl.oauthbearer.jwks.endpoint.retry.backoff.ms = 100
	sasl.oauthbearer.jwks.endpoint.url = null
	sasl.oauthbearer.scope.claim.name = scope
	sasl.oauthbearer.sub.claim.name = sub
	sasl.oauthbearer.token.endpoint.url = null
	security.protocol = PLAINTEXT
	security.providers = null
	send.buffer.bytes = 131072
	session.timeout.ms = 45000
	socket.connection.setup.timeout.max.ms = 30000
	socket.connection.setup.timeout.ms = 10000
	ssl.cipher.suites = null
	ssl.enabled.protocols = [TLSv1.2, TLSv1.3]
	ssl.endpoint.identification.algorithm = https
	ssl.engine.factory.class = null
	ssl.key.password = null
	ssl.keymanager.algorithm = SunX509
	ssl.keystore.certificate.chain = null
	ssl.keystore.key = null
	ssl.keystore.location = null
	ssl.keystore.password = null
	ssl.keystore.type = JKS
	ssl.protocol = TLSv1.3
	ssl.provider = null
	ssl.secure.random.implementation = null
	ssl.trustmanager.algorithm = PKIX
	ssl.truststore.certificates = null
	ssl.truststore.location = null
	ssl.truststore.password = null
	ssl.truststore.type = JKS
	value.deserializer = class org.springframework.kafka.support.serializer.JsonDeserializer

2026-03-07T04:58:27.311+09:00  INFO 9128 --- [main] o.a.k.c.t.i.KafkaMetricsCollector        : initializing Kafka metrics collector
2026-03-07T04:58:27.328+09:00  INFO 9128 --- [main] o.a.kafka.common.utils.AppInfoParser     : Kafka version: 3.7.1
2026-03-07T04:58:27.333+09:00  INFO 9128 --- [main] o.a.kafka.common.utils.AppInfoParser     : Kafka commitId: e2494e6ffb89f828
2026-03-07T04:58:27.334+09:00  INFO 9128 --- [main] o.a.kafka.common.utils.AppInfoParser     : Kafka startTimeMs: 1772827107328
2026-03-07T04:58:27.347+09:00  INFO 9128 --- [main] o.a.k.c.c.internals.LegacyKafkaConsumer  : [Consumer clientId=consumer-mooney-offer-group-3, groupId=mooney-offer-group] Subscribed to topic(s): order-request
2026-03-07T04:58:27.401+09:00  INFO 9128 --- [main] org.example.MooneyApplication            : Started MooneyApplication in 29.857 seconds (process running for 31.34)
2026-03-07T04:58:27.993+09:00  INFO 9128 --- [RMI TCP Connection(2)-127.0.0.1] o.a.c.c.C.[Tomcat].[localhost].[/]       : Initializing Spring DispatcherServlet 'dispatcherServlet'
2026-03-07T04:58:27.997+09:00  INFO 9128 --- [RMI TCP Connection(2)-127.0.0.1] o.s.web.servlet.DispatcherServlet        : Initializing Servlet 'dispatcherServlet'
2026-03-07T04:58:28.009+09:00  INFO 9128 --- [RMI TCP Connection(2)-127.0.0.1] o.s.web.servlet.DispatcherServlet        : Completed initialization in 8 ms
2026-03-07T04:58:29.242+09:00  INFO 9128 --- [org.springframework.kafka.KafkaListenerEndpointContainer#0-0-C-1] org.apache.kafka.clients.Metadata        : [Consumer clientId=consumer-mooney-offer-group-1, groupId=mooney-offer-group] Cluster ID: HsDBs9l6UUmQq7Y5E6bNlw
2026-03-07T04:58:29.287+09:00  INFO 9128 --- [org.springframework.kafka.KafkaListenerEndpointContainer#0-1-C-1] org.apache.kafka.clients.Metadata        : [Consumer clientId=consumer-mooney-offer-group-2, groupId=mooney-offer-group] Cluster ID: HsDBs9l6UUmQq7Y5E6bNlw
2026-03-07T04:58:29.299+09:00  INFO 9128 --- [org.springframework.kafka.KafkaListenerEndpointContainer#0-2-C-1] org.apache.kafka.clients.Metadata        : [Consumer clientId=consumer-mooney-offer-group-3, groupId=mooney-offer-group] Cluster ID: HsDBs9l6UUmQq7Y5E6bNlw
2026-03-07T04:58:29.325+09:00  INFO 9128 --- [org.springframework.kafka.KafkaListenerEndpointContainer#0-0-C-1] o.a.k.c.c.internals.ConsumerCoordinator  : [Consumer clientId=consumer-mooney-offer-group-1, groupId=mooney-offer-group] Discovered group coordinator 127.0.0.1:10001 (id: 2147483646 rack: null)
2026-03-07T04:58:29.345+09:00  INFO 9128 --- [org.springframework.kafka.KafkaListenerEndpointContainer#0-0-C-1] o.a.k.c.c.internals.ConsumerCoordinator  : [Consumer clientId=consumer-mooney-offer-group-1, groupId=mooney-offer-group] (Re-)joining group
2026-03-07T04:58:29.355+09:00  INFO 9128 --- [org.springframework.kafka.KafkaListenerEndpointContainer#0-1-C-1] o.a.k.c.c.internals.ConsumerCoordinator  : [Consumer clientId=consumer-mooney-offer-group-2, groupId=mooney-offer-group] Discovered group coordinator 127.0.0.1:10001 (id: 2147483646 rack: null)
2026-03-07T04:58:29.375+09:00  INFO 9128 --- [org.springframework.kafka.KafkaListenerEndpointContainer#0-1-C-1] o.a.k.c.c.internals.ConsumerCoordinator  : [Consumer clientId=consumer-mooney-offer-group-2, groupId=mooney-offer-group] (Re-)joining group
2026-03-07T04:58:29.545+09:00  INFO 9128 --- [org.springframework.kafka.KafkaListenerEndpointContainer#0-2-C-1] o.a.k.c.c.internals.ConsumerCoordinator  : [Consumer clientId=consumer-mooney-offer-group-3, groupId=mooney-offer-group] Discovered group coordinator 127.0.0.1:10001 (id: 2147483646 rack: null)
2026-03-07T04:58:29.552+09:00  INFO 9128 --- [org.springframework.kafka.KafkaListenerEndpointContainer#0-2-C-1] o.a.k.c.c.internals.ConsumerCoordinator  : [Consumer clientId=consumer-mooney-offer-group-3, groupId=mooney-offer-group] (Re-)joining group
2026-03-07T04:58:29.654+09:00  INFO 9128 --- [org.springframework.kafka.KafkaListenerEndpointContainer#0-0-C-1] o.a.k.c.c.internals.ConsumerCoordinator  : [Consumer clientId=consumer-mooney-offer-group-1, groupId=mooney-offer-group] Request joining group due to: need to re-join with the given member-id: consumer-mooney-offer-group-1-137a0907-3270-4b82-9992-8483f561ad4b
2026-03-07T04:58:29.654+09:00  INFO 9128 --- [org.springframework.kafka.KafkaListenerEndpointContainer#0-2-C-1] o.a.k.c.c.internals.ConsumerCoordinator  : [Consumer clientId=consumer-mooney-offer-group-3, groupId=mooney-offer-group] Request joining group due to: need to re-join with the given member-id: consumer-mooney-offer-group-3-9eb3dc76-70a9-4546-a57f-baf3a276a80e
2026-03-07T04:58:29.659+09:00  INFO 9128 --- [org.springframework.kafka.KafkaListenerEndpointContainer#0-0-C-1] o.a.k.c.c.internals.ConsumerCoordinator  : [Consumer clientId=consumer-mooney-offer-group-1, groupId=mooney-offer-group] (Re-)joining group
2026-03-07T04:58:29.660+09:00  INFO 9128 --- [org.springframework.kafka.KafkaListenerEndpointContainer#0-2-C-1] o.a.k.c.c.internals.ConsumerCoordinator  : [Consumer clientId=consumer-mooney-offer-group-3, groupId=mooney-offer-group] (Re-)joining group
2026-03-07T04:58:29.699+09:00  INFO 9128 --- [org.springframework.kafka.KafkaListenerEndpointContainer#0-1-C-1] o.a.k.c.c.internals.ConsumerCoordinator  : [Consumer clientId=consumer-mooney-offer-group-2, groupId=mooney-offer-group] Request joining group due to: need to re-join with the given member-id: consumer-mooney-offer-group-2-12847bd6-7ff4-4908-9333-97895cfc546f
2026-03-07T04:58:29.700+09:00  INFO 9128 --- [org.springframework.kafka.KafkaListenerEndpointContainer#0-1-C-1] o.a.k.c.c.internals.ConsumerCoordinator  : [Consumer clientId=consumer-mooney-offer-group-2, groupId=mooney-offer-group] (Re-)joining group
2026-03-07T04:58:32.701+09:00  INFO 9128 --- [org.springframework.kafka.KafkaListenerEndpointContainer#0-1-C-1] o.a.k.c.c.internals.ConsumerCoordinator  : [Consumer clientId=consumer-mooney-offer-group-2, groupId=mooney-offer-group] Successfully joined group with generation Generation{generationId=31, memberId='consumer-mooney-offer-group-2-12847bd6-7ff4-4908-9333-97895cfc546f', protocol='range'}
2026-03-07T04:58:32.701+09:00  INFO 9128 --- [org.springframework.kafka.KafkaListenerEndpointContainer#0-0-C-1] o.a.k.c.c.internals.ConsumerCoordinator  : [Consumer clientId=consumer-mooney-offer-group-1, groupId=mooney-offer-group] Successfully joined group with generation Generation{generationId=31, memberId='consumer-mooney-offer-group-1-137a0907-3270-4b82-9992-8483f561ad4b', protocol='range'}
2026-03-07T04:58:32.702+09:00  INFO 9128 --- [org.springframework.kafka.KafkaListenerEndpointContainer#0-2-C-1] o.a.k.c.c.internals.ConsumerCoordinator  : [Consumer clientId=consumer-mooney-offer-group-3, groupId=mooney-offer-group] Successfully joined group with generation Generation{generationId=31, memberId='consumer-mooney-offer-group-3-9eb3dc76-70a9-4546-a57f-baf3a276a80e', protocol='range'}
2026-03-07T04:58:32.725+09:00  INFO 9128 --- [org.springframework.kafka.KafkaListenerEndpointContainer#0-0-C-1] o.a.k.c.c.internals.ConsumerCoordinator  : [Consumer clientId=consumer-mooney-offer-group-1, groupId=mooney-offer-group] Finished assignment for group at generation 31: {consumer-mooney-offer-group-1-137a0907-3270-4b82-9992-8483f561ad4b=Assignment(partitions=[order-request-0]), consumer-mooney-offer-group-2-12847bd6-7ff4-4908-9333-97895cfc546f=Assignment(partitions=[order-request-1]), consumer-mooney-offer-group-3-9eb3dc76-70a9-4546-a57f-baf3a276a80e=Assignment(partitions=[order-request-2])}
2026-03-07T04:58:32.770+09:00  INFO 9128 --- [org.springframework.kafka.KafkaListenerEndpointContainer#0-2-C-1] o.a.k.c.c.internals.ConsumerCoordinator  : [Consumer clientId=consumer-mooney-offer-group-3, groupId=mooney-offer-group] Successfully synced group in generation Generation{generationId=31, memberId='consumer-mooney-offer-group-3-9eb3dc76-70a9-4546-a57f-baf3a276a80e', protocol='range'}
2026-03-07T04:58:32.770+09:00  INFO 9128 --- [org.springframework.kafka.KafkaListenerEndpointContainer#0-0-C-1] o.a.k.c.c.internals.ConsumerCoordinator  : [Consumer clientId=consumer-mooney-offer-group-1, groupId=mooney-offer-group] Successfully synced group in generation Generation{generationId=31, memberId='consumer-mooney-offer-group-1-137a0907-3270-4b82-9992-8483f561ad4b', protocol='range'}
2026-03-07T04:58:32.770+09:00  INFO 9128 --- [org.springframework.kafka.KafkaListenerEndpointContainer#0-1-C-1] o.a.k.c.c.internals.ConsumerCoordinator  : [Consumer clientId=consumer-mooney-offer-group-2, groupId=mooney-offer-group] Successfully synced group in generation Generation{generationId=31, memberId='consumer-mooney-offer-group-2-12847bd6-7ff4-4908-9333-97895cfc546f', protocol='range'}
2026-03-07T04:58:32.772+09:00  INFO 9128 --- [org.springframework.kafka.KafkaListenerEndpointContainer#0-2-C-1] o.a.k.c.c.internals.ConsumerCoordinator  : [Consumer clientId=consumer-mooney-offer-group-3, groupId=mooney-offer-group] Notifying assignor about the new Assignment(partitions=[order-request-2])
2026-03-07T04:58:32.772+09:00  INFO 9128 --- [org.springframework.kafka.KafkaListenerEndpointContainer#0-0-C-1] o.a.k.c.c.internals.ConsumerCoordinator  : [Consumer clientId=consumer-mooney-offer-group-1, groupId=mooney-offer-group] Notifying assignor about the new Assignment(partitions=[order-request-0])
2026-03-07T04:58:32.773+09:00  INFO 9128 --- [org.springframework.kafka.KafkaListenerEndpointContainer#0-1-C-1] o.a.k.c.c.internals.ConsumerCoordinator  : [Consumer clientId=consumer-mooney-offer-group-2, groupId=mooney-offer-group] Notifying assignor about the new Assignment(partitions=[order-request-1])
2026-03-07T04:58:32.783+09:00  INFO 9128 --- [org.springframework.kafka.KafkaListenerEndpointContainer#0-0-C-1] k.c.c.i.ConsumerRebalanceListenerInvoker : [Consumer clientId=consumer-mooney-offer-group-1, groupId=mooney-offer-group] Adding newly assigned partitions: order-request-0
2026-03-07T04:58:32.783+09:00  INFO 9128 --- [org.springframework.kafka.KafkaListenerEndpointContainer#0-1-C-1] k.c.c.i.ConsumerRebalanceListenerInvoker : [Consumer clientId=consumer-mooney-offer-group-2, groupId=mooney-offer-group] Adding newly assigned partitions: order-request-1
2026-03-07T04:58:32.783+09:00  INFO 9128 --- [org.springframework.kafka.KafkaListenerEndpointContainer#0-2-C-1] k.c.c.i.ConsumerRebalanceListenerInvoker : [Consumer clientId=consumer-mooney-offer-group-3, groupId=mooney-offer-group] Adding newly assigned partitions: order-request-2
2026-03-07T04:58:32.846+09:00  INFO 9128 --- [org.springframework.kafka.KafkaListenerEndpointContainer#0-0-C-1] o.a.k.c.c.internals.ConsumerUtils        : Setting offset for partition order-request-0 to the committed offset FetchPosition{offset=54811, offsetEpoch=Optional.empty, currentLeader=LeaderAndEpoch{leader=Optional[127.0.0.1:10000 (id: 0 rack: null)], epoch=30}}
2026-03-07T04:58:32.846+09:00  INFO 9128 --- [org.springframework.kafka.KafkaListenerEndpointContainer#0-2-C-1] o.a.k.c.c.internals.ConsumerUtils        : Setting offset for partition order-request-2 to the committed offset FetchPosition{offset=53140, offsetEpoch=Optional.empty, currentLeader=LeaderAndEpoch{leader=Optional[127.0.0.1:10002 (id: 2 rack: null)], epoch=28}}
2026-03-07T04:58:32.846+09:00  INFO 9128 --- [org.springframework.kafka.KafkaListenerEndpointContainer#0-1-C-1] o.a.k.c.c.internals.ConsumerUtils        : Setting offset for partition order-request-1 to the committed offset FetchPosition{offset=56913, offsetEpoch=Optional.empty, currentLeader=LeaderAndEpoch{leader=Optional[127.0.0.1:10001 (id: 1 rack: null)], epoch=30}}
2026-03-07T04:58:32.853+09:00  INFO 9128 --- [org.springframework.kafka.KafkaListenerEndpointContainer#0-1-C-1] o.s.k.l.KafkaMessageListenerContainer    : mooney-offer-group: partitions assigned: [order-request-1]
2026-03-07T04:58:32.853+09:00  INFO 9128 --- [org.springframework.kafka.KafkaListenerEndpointContainer#0-2-C-1] o.s.k.l.KafkaMessageListenerContainer    : mooney-offer-group: partitions assigned: [order-request-2]
2026-03-07T04:58:32.957+09:00  INFO 9128 --- [org.springframework.kafka.KafkaListenerEndpointContainer#0-0-C-1] o.s.k.l.KafkaMessageListenerContainer    : mooney-offer-group: partitions assigned: [order-request-0]
2026-03-07T04:58:54.993+09:00  INFO 9128 --- [http-nio-8080-exec-13] o.a.k.clients.producer.ProducerConfig    : ProducerConfig values: 
	acks = -1
	auto.include.jmx.reporter = true
	batch.size = 16384
	bootstrap.servers = [localhost:10000, localhost:10001, localhost:10002]
	buffer.memory = 33554432
	client.dns.lookup = use_all_dns_ips
	client.id = producer-1
	compression.type = none
	connections.max.idle.ms = 540000
	delivery.timeout.ms = 120000
	enable.idempotence = true
	enable.metrics.push = true
	interceptor.classes = []
	key.serializer = class org.apache.kafka.common.serialization.StringSerializer
	linger.ms = 0
	max.block.ms = 60000
	max.in.flight.requests.per.connection = 5
	max.request.size = 1048576
	metadata.max.age.ms = 300000
	metadata.max.idle.ms = 300000
	metric.reporters = []
	metrics.num.samples = 2
	metrics.recording.level = INFO
	metrics.sample.window.ms = 30000
	partitioner.adaptive.partitioning.enable = true
	partitioner.availability.timeout.ms = 0
	partitioner.class = null
	partitioner.ignore.keys = false
	receive.buffer.bytes = 32768
	reconnect.backoff.max.ms = 1000
	reconnect.backoff.ms = 50
	request.timeout.ms = 30000
	retries = 2147483647
	retry.backoff.max.ms = 1000
	retry.backoff.ms = 100
	sasl.client.callback.handler.class = null
	sasl.jaas.config = null
	sasl.kerberos.kinit.cmd = /usr/bin/kinit
	sasl.kerberos.min.time.before.relogin = 60000
	sasl.kerberos.service.name = null
	sasl.kerberos.ticket.renew.jitter = 0.05
	sasl.kerberos.ticket.renew.window.factor = 0.8
	sasl.login.callback.handler.class = null
	sasl.login.class = null
	sasl.login.connect.timeout.ms = null
	sasl.login.read.timeout.ms = null
	sasl.login.refresh.buffer.seconds = 300
	sasl.login.refresh.min.period.seconds = 60
	sasl.login.refresh.window.factor = 0.8
	sasl.login.refresh.window.jitter = 0.05
	sasl.login.retry.backoff.max.ms = 10000
	sasl.login.retry.backoff.ms = 100
	sasl.mechanism = GSSAPI
	sasl.oauthbearer.clock.skew.seconds = 30
	sasl.oauthbearer.expected.audience = null
	sasl.oauthbearer.expected.issuer = null
	sasl.oauthbearer.jwks.endpoint.refresh.ms = 3600000
	sasl.oauthbearer.jwks.endpoint.retry.backoff.max.ms = 10000
	sasl.oauthbearer.jwks.endpoint.retry.backoff.ms = 100
	sasl.oauthbearer.jwks.endpoint.url = null
	sasl.oauthbearer.scope.claim.name = scope
	sasl.oauthbearer.sub.claim.name = sub
	sasl.oauthbearer.token.endpoint.url = null
	security.protocol = PLAINTEXT
	security.providers = null
	send.buffer.bytes = 131072
	socket.connection.setup.timeout.max.ms = 30000
	socket.connection.setup.timeout.ms = 10000
	ssl.cipher.suites = null
	ssl.enabled.protocols = [TLSv1.2, TLSv1.3]
	ssl.endpoint.identification.algorithm = https
	ssl.engine.factory.class = null
	ssl.key.password = null
	ssl.keymanager.algorithm = SunX509
	ssl.keystore.certificate.chain = null
	ssl.keystore.key = null
	ssl.keystore.location = null
	ssl.keystore.password = null
	ssl.keystore.type = JKS
	ssl.protocol = TLSv1.3
	ssl.provider = null
	ssl.secure.random.implementation = null
	ssl.trustmanager.algorithm = PKIX
	ssl.truststore.certificates = null
	ssl.truststore.location = null
	ssl.truststore.password = null
	ssl.truststore.type = JKS
	transaction.timeout.ms = 60000
	transactional.id = null
	value.serializer = class org.springframework.kafka.support.serializer.JsonSerializer

2026-03-07T04:58:55.000+09:00  INFO 9128 --- [http-nio-8080-exec-13] o.a.k.c.t.i.KafkaMetricsCollector        : initializing Kafka metrics collector
2026-03-07T04:58:55.028+09:00  INFO 9128 --- [http-nio-8080-exec-13] o.a.k.clients.producer.KafkaProducer     : [Producer clientId=producer-1] Instantiated an idempotent producer.
2026-03-07T04:58:55.076+09:00  INFO 9128 --- [http-nio-8080-exec-13] o.a.kafka.common.utils.AppInfoParser     : Kafka version: 3.7.1
2026-03-07T04:58:55.077+09:00  INFO 9128 --- [http-nio-8080-exec-13] o.a.kafka.common.utils.AppInfoParser     : Kafka commitId: e2494e6ffb89f828
2026-03-07T04:58:55.077+09:00  INFO 9128 --- [http-nio-8080-exec-13] o.a.kafka.common.utils.AppInfoParser     : Kafka startTimeMs: 1772827135075
2026-03-07T04:58:55.111+09:00  INFO 9128 --- [kafka-producer-network-thread | producer-1] org.apache.kafka.clients.Metadata        : [Producer clientId=producer-1] Cluster ID: HsDBs9l6UUmQq7Y5E6bNlw
2026-03-07T04:58:55.144+09:00  INFO 9128 --- [kafka-producer-network-thread | producer-1] o.a.k.c.p.internals.TransactionManager   : [Producer clientId=producer-1] ProducerId set to 8001 with epoch 0
2026-03-07T04:59:27.805+09:00  INFO 9128 --- [org.springframework.kafka.KafkaListenerEndpointContainer#0-2-C-1] org.example.ConsumerMetrics              : ? Consumer Stats - count: 1000, avg: 30 ms, max: 770 ms, min: 10 ms
